syscon_8xx.h:277:20:Chip_SYSCTL_AssertPeriphReset	16	static
syscon_8xx.h:287:20:Chip_SYSCTL_DeassertPeriphReset	16	static
syscon_8xx.h:297:20:Chip_SYSCTL_PeriphReset	16	static
clock_8xx.h:222:20:Chip_Clock_SetUARTClockDiv	16	static
clock_8xx.h:232:24:Chip_Clock_GetUARTClockDiv	8	static
clock_8xx.h:242:20:Chip_SYSCTL_SetUSARTFRGDivider	16	static
clock_8xx.h:251:24:Chip_SYSCTL_GetUSARTFRGDivider	8	static
clock_8xx.h:261:20:Chip_SYSCTL_SetUSARTFRGMultiplier	16	static
clock_8xx.h:270:24:Chip_SYSCTL_GetUSARTFRGMultiplier	8	static
clock_8xx.h:304:24:Chip_Clock_GetMainOscRate	8	static
clock_8xx.h:313:24:Chip_Clock_GetIntOscRate	8	static
clock_8xx.h:322:24:Chip_Clock_GetExtClockInRate	8	static
clock_8xx.c:67:17:Chip_Clock_GetWDTLFORate	24	static
clock_8xx.c:81:17:Chip_Clock_GetPLLFreq	24	static
clock_8xx.c:93:6:Chip_Clock_SetSystemPLLSource	16	static
clock_8xx.c:103:6:Chip_Clock_SetPLLBypass	24	static
clock_8xx.c:118:6:Chip_Clock_SetMainClockSource	16	static
clock_8xx.c:128:6:Chip_Clock_SetCLKOUTSource	16	static
clock_8xx.c:139:10:Chip_Clock_GetWDTOSCRate	8	static
clock_8xx.c:145:10:Chip_Clock_GetSystemPLLInClockRate	16	static
clock_8xx.c:170:10:Chip_Clock_GetSystemPLLOutClockRate	16	static
clock_8xx.c:177:10:Chip_Clock_GetMainClockRate	16	static
clock_8xx.c:203:10:Chip_Clock_GetSystemClockRate	8	static
clock_8xx.c:210:10:Chip_Clock_GetUSARTNBaseClockRate	48	static
clock_8xx.c:240:10:Chip_Clock_SetUSARTNBaseClockRate	32	static
clock_8xx.c:281:10:Chip_Clock_GetIOCONCLKDIVClockRate	24	static
clock_8xx.c:289:6:Chip_Clock_SetIOCONCLKDIV	24	static
